// Jest Snapshot v1, https://goo.gl/fbAQLP

exports[`Example heft-plugin should do something 1`] = `"Using example to do nothing[n]"`;
